========================================================================
E1 EXPERIMENT -- Moving-Origin Experiment (Candidate 1.1)
seeds=[42, 43, 44, 45, 46]  output_dir=./e1_scoring_output
python_version_runtime=Python 3.12.10
numpy=1.26.4  scipy=1.13.1
========================================================================
[run1] building + measuring all seeds...
  [seed 42] building autobiography + candidate index...
  [seed 42] chain_integrity: initial=True, shift=True, 10x=True
  [seed 42] shift_per_append=[True, True, True, True, True, True, True, True]
  [seed 42] measuring d1 latency (1x and 10x)...
  [seed 42] state-dependent scaling battery (5 points)...
  [seed 42] downstream consumer (property iii, Option E + additive + bucketed)...
  [seed 42] oracle_agreement=1.0000 equiv_vs_fn=1.0000 lat_ratio_mem=inf lat_ratio_bk=inf cand_growth=inf fn_growth=inf degradation=0.1220 [R1: CU_deg=0.0033 RD_deg=0.3000 agg_deg=0.1220] [R1: cand_cu=1.000 cand_rd=1.000 froz_cu=0.997 froz_rd=0.700]
  [seed 43] building autobiography + candidate index...
  [seed 43] chain_integrity: initial=True, shift=True, 10x=True
  [seed 43] shift_per_append=[True, True, True, True, True, True, True, True]
  [seed 43] measuring d1 latency (1x and 10x)...
  [seed 43] state-dependent scaling battery (5 points)...
  [seed 43] downstream consumer (property iii, Option E + additive + bucketed)...
  [seed 43] oracle_agreement=1.0000 equiv_vs_fn=1.0000 lat_ratio_mem=inf lat_ratio_bk=inf cand_growth=inf fn_growth=inf degradation=0.0980 [R1: CU_deg=0.0067 RD_deg=0.2350 agg_deg=0.0980] [R1: cand_cu=1.000 cand_rd=1.000 froz_cu=0.993 froz_rd=0.765]
  [seed 44] building autobiography + candidate index...
  [seed 44] chain_integrity: initial=True, shift=True, 10x=True
  [seed 44] shift_per_append=[True, True, True, True, True, True, True, True]
  [seed 44] measuring d1 latency (1x and 10x)...
  [seed 44] state-dependent scaling battery (5 points)...
  [seed 44] downstream consumer (property iii, Option E + additive + bucketed)...
  [seed 44] oracle_agreement=1.0000 equiv_vs_fn=1.0000 lat_ratio_mem=inf lat_ratio_bk=inf cand_growth=inf fn_growth=inf degradation=0.0920 [R1: CU_deg=0.0000 RD_deg=0.2300 agg_deg=0.0920] [R1: cand_cu=1.000 cand_rd=1.000 froz_cu=1.000 froz_rd=0.770]
  [seed 45] building autobiography + candidate index...
  [seed 45] chain_integrity: initial=True, shift=True, 10x=True
  [seed 45] shift_per_append=[True, True, True, True, True, True, True, True]
  [seed 45] measuring d1 latency (1x and 10x)...
  [seed 45] state-dependent scaling battery (5 points)...
  [seed 45] downstream consumer (property iii, Option E + additive + bucketed)...
  [seed 45] oracle_agreement=1.0000 equiv_vs_fn=1.0000 lat_ratio_mem=inf lat_ratio_bk=inf cand_growth=inf fn_growth=inf degradation=0.1200 [R1: CU_deg=0.0000 RD_deg=0.3000 agg_deg=0.1200] [R1: cand_cu=1.000 cand_rd=1.000 froz_cu=1.000 froz_rd=0.700]
  [seed 46] building autobiography + candidate index...
  [seed 46] chain_integrity: initial=True, shift=True, 10x=True
  [seed 46] shift_per_append=[True, True, True, True, True, True, True, True]
  [seed 46] measuring d1 latency (1x and 10x)...
  [seed 46] state-dependent scaling battery (5 points)...
  [seed 46] downstream consumer (property iii, Option E + additive + bucketed)...
  [seed 46] oracle_agreement=1.0000 equiv_vs_fn=1.0000 lat_ratio_mem=inf lat_ratio_bk=inf cand_growth=inf fn_growth=inf degradation=0.1060 [R1: CU_deg=0.0033 RD_deg=0.2600 agg_deg=0.1060] [R1: cand_cu=1.000 cand_rd=1.000 froz_cu=0.997 froz_rd=0.740]
[reproducibility] re-running all seeds (run 2)...
  [seed 42] building autobiography + candidate index...
  [seed 42] chain_integrity: initial=True, shift=True, 10x=True
  [seed 42] shift_per_append=[True, True, True, True, True, True, True, True]
  [seed 42] measuring d1 latency (1x and 10x)...
  [seed 42] state-dependent scaling battery (5 points)...
  [seed 42] downstream consumer (property iii, Option E + additive + bucketed)...
  [seed 42] oracle_agreement=1.0000 equiv_vs_fn=1.0000 lat_ratio_mem=inf lat_ratio_bk=inf cand_growth=inf fn_growth=inf degradation=0.1220 [R1: CU_deg=0.0033 RD_deg=0.3000 agg_deg=0.1220] [R1: cand_cu=1.000 cand_rd=1.000 froz_cu=0.997 froz_rd=0.700]
  [seed 43] building autobiography + candidate index...
  [seed 43] chain_integrity: initial=True, shift=True, 10x=True
  [seed 43] shift_per_append=[True, True, True, True, True, True, True, True]
  [seed 43] measuring d1 latency (1x and 10x)...
  [seed 43] state-dependent scaling battery (5 points)...
  [seed 43] downstream consumer (property iii, Option E + additive + bucketed)...
  [seed 43] oracle_agreement=1.0000 equiv_vs_fn=1.0000 lat_ratio_mem=inf lat_ratio_bk=inf cand_growth=inf fn_growth=inf degradation=0.0980 [R1: CU_deg=0.0067 RD_deg=0.2350 agg_deg=0.0980] [R1: cand_cu=1.000 cand_rd=1.000 froz_cu=0.993 froz_rd=0.765]
  [seed 44] building autobiography + candidate index...
  [seed 44] chain_integrity: initial=True, shift=True, 10x=True
  [seed 44] shift_per_append=[True, True, True, True, True, True, True, True]
  [seed 44] measuring d1 latency (1x and 10x)...
  [seed 44] state-dependent scaling battery (5 points)...
  [seed 44] downstream consumer (property iii, Option E + additive + bucketed)...
  [seed 44] oracle_agreement=1.0000 equiv_vs_fn=1.0000 lat_ratio_mem=inf lat_ratio_bk=inf cand_growth=inf fn_growth=inf degradation=0.0920 [R1: CU_deg=0.0000 RD_deg=0.2300 agg_deg=0.0920] [R1: cand_cu=1.000 cand_rd=1.000 froz_cu=1.000 froz_rd=0.770]
  [seed 45] building autobiography + candidate index...
  [seed 45] chain_integrity: initial=True, shift=True, 10x=True
  [seed 45] shift_per_append=[True, True, True, True, True, True, True, True]
  [seed 45] measuring d1 latency (1x and 10x)...
  [seed 45] state-dependent scaling battery (5 points)...
  [seed 45] downstream consumer (property iii, Option E + additive + bucketed)...
  [seed 45] oracle_agreement=1.0000 equiv_vs_fn=1.0000 lat_ratio_mem=inf lat_ratio_bk=inf cand_growth=inf fn_growth=inf degradation=0.1200 [R1: CU_deg=0.0000 RD_deg=0.3000 agg_deg=0.1200] [R1: cand_cu=1.000 cand_rd=1.000 froz_cu=1.000 froz_rd=0.700]
  [seed 46] building autobiography + candidate index...
  [seed 46] chain_integrity: initial=True, shift=True, 10x=True
  [seed 46] shift_per_append=[True, True, True, True, True, True, True, True]
  [seed 46] measuring d1 latency (1x and 10x)...
  [seed 46] state-dependent scaling battery (5 points)...
  [seed 46] downstream consumer (property iii, Option E + additive + bucketed)...
  [seed 46] oracle_agreement=1.0000 equiv_vs_fn=1.0000 lat_ratio_mem=inf lat_ratio_bk=inf cand_growth=inf fn_growth=inf degradation=0.1060 [R1: CU_deg=0.0033 RD_deg=0.2600 agg_deg=0.1060] [R1: cand_cu=1.000 cand_rd=1.000 froz_cu=0.997 froz_rd=0.740]
[reproducibility] bit_identical=True max_abs_diff_per_seed={'42': 0.0, '43': 0.0, '44': 0.0, '45': 0.0, '46': 0.0}
[properties] evaluating three properties...
[property i]  oracle_agreement=1.0000 passes=True
[property ii] latency_passes=False state_dependent_passes=False battery_valid=True instrument_failure=False
[property iii] degradation_mean=0.1076 consistent=True passes=True
[kills] evaluating 5 active kill conditions (b-f)...
[kill b] fires=False value=1.0000 construction_break=False re_resolution_break=False
[kill c] fires=False value=1.0000 wiring_defect=False partial_failure=False
[kill d] fires=True d1_lat_mem=inf d1_lat_bk=inf d2_cand_growth=inf d2_fn_growth=inf instrument_failure=False
[kill e] fires=False value=0.0000
[kill f] fires=False value=1.0000 signed=True
[kills] any_fires=True candidate_dead=True
[I3] building empirical-null self-consistency distributions...
  [I3] building self-consistency null for shuffled_cadence over 100 replicates...
  [I3] building self-consistency null for empty over 100 replicates...
  [I3] building self-consistency null for wall_clock_injection over 100 replicates...
[I3] shuffled_cadence in_band=True empty in_band=True wall_clock in_band=True
[L20] running drift self-test...
