2026-08-17T00:20:17.664572Z START scope=development direct_calls=yes artifact_writer=none seeds=101,102,103,104,105 scoring_mode=no
2026-08-17T00:20:17.664818Z SEED_START seed=101
2026-08-17T00:20:17.664882Z LAW_START seed=101 law=L1
2026-08-17T00:20:44.895575Z LAW_END seed=101 law=L1 status=completed verdict=PASS elapsed_seconds=27.230495
2026-08-17T00:20:44.924068Z LAW_START seed=101 law=L3
2026-08-17T00:22:18.780885Z LAW_END seed=101 law=L3 status=completed verdict=PASS elapsed_seconds=93.856682
2026-08-17T00:22:18.815936Z LAW_START seed=101 law=L5
2026-08-17T00:22:21.792545Z LAW_END seed=101 law=L5 status=completed verdict=PASS elapsed_seconds=2.976474
2026-08-17T00:22:21.830301Z LAW_START seed=101 law=L6
2026-08-17T00:22:21.830740Z LAW_END seed=101 law=L6 status=completed verdict=PASS elapsed_seconds=0.000341
2026-08-17T00:22:21.867354Z SEED_END seed=101 statuses=L1:completed,L3:completed,L5:completed,L6:completed
2026-08-17T00:22:21.902750Z SEED_START seed=102
2026-08-17T00:22:21.902825Z LAW_START seed=102 law=L1
2026-08-17T00:22:48.892509Z LAW_END seed=102 law=L1 status=completed verdict=PASS elapsed_seconds=26.989626
2026-08-17T00:22:48.955169Z LAW_START seed=102 law=L3
2026-08-17T00:24:22.390215Z LAW_END seed=102 law=L3 status=completed verdict=PASS elapsed_seconds=93.434937
2026-08-17T00:24:22.454053Z LAW_START seed=102 law=L5
2026-08-17T00:24:25.299969Z LAW_END seed=102 law=L5 status=completed verdict=PASS elapsed_seconds=2.845782
2026-08-17T00:24:25.373330Z LAW_START seed=102 law=L6
2026-08-17T00:24:25.373734Z LAW_END seed=102 law=L6 status=completed verdict=PASS elapsed_seconds=0.000301
2026-08-17T00:24:25.444943Z SEED_END seed=102 statuses=L1:completed,L3:completed,L5:completed,L6:completed
2026-08-17T00:24:25.517339Z SEED_START seed=103
2026-08-17T00:24:25.517435Z LAW_START seed=103 law=L1
2026-08-17T00:24:52.613274Z LAW_END seed=103 law=L1 status=completed verdict=PASS elapsed_seconds=27.095782
2026-08-17T00:24:52.710209Z LAW_START seed=103 law=L3
2026-08-17T00:26:29.462486Z LAW_END seed=103 law=L3 status=completed verdict=PASS elapsed_seconds=96.752162
2026-08-17T00:26:29.565694Z LAW_START seed=103 law=L5
2026-08-17T00:26:32.437954Z LAW_END seed=103 law=L5 status=completed verdict=PASS elapsed_seconds=2.872108
2026-08-17T00:26:32.549791Z LAW_START seed=103 law=L6
2026-08-17T00:26:32.550214Z LAW_END seed=103 law=L6 status=completed verdict=PASS elapsed_seconds=0.000301
2026-08-17T00:26:32.673154Z SEED_END seed=103 statuses=L1:completed,L3:completed,L5:completed,L6:completed
2026-08-17T00:26:32.784309Z SEED_START seed=104
2026-08-17T00:26:32.784426Z LAW_START seed=104 law=L1
2026-08-17T00:27:00.078461Z LAW_END seed=104 law=L1 status=completed verdict=PASS elapsed_seconds=27.293976
2026-08-17T00:27:00.228211Z LAW_START seed=104 law=L3
2026-08-17T00:28:35.111567Z LAW_END seed=104 law=L3 status=completed verdict=PASS elapsed_seconds=94.883178
2026-08-17T00:28:35.253008Z LAW_START seed=104 law=L5
2026-08-17T00:28:38.152038Z LAW_END seed=104 law=L5 status=completed verdict=PASS elapsed_seconds=2.898897
2026-08-17T00:28:38.305792Z LAW_START seed=104 law=L6
2026-08-17T00:28:38.306211Z LAW_END seed=104 law=L6 status=completed verdict=PASS elapsed_seconds=0.000308
2026-08-17T00:28:38.852747Z SEED_END seed=104 statuses=L1:completed,L3:completed,L5:completed,L6:completed
2026-08-17T00:28:39.799732Z SEED_START seed=105
2026-08-17T00:28:39.799894Z LAW_START seed=105 law=L1
2026-08-17T00:29:07.084767Z LAW_END seed=105 law=L1 status=completed verdict=PASS elapsed_seconds=27.284811
2026-08-17T00:29:07.458824Z LAW_START seed=105 law=L3
2026-08-17T00:30:41.150460Z LAW_END seed=105 law=L3 status=completed verdict=PASS elapsed_seconds=93.691508
2026-08-17T00:30:41.420669Z LAW_START seed=105 law=L5
2026-08-17T00:30:44.362040Z LAW_END seed=105 law=L5 status=completed verdict=PASS elapsed_seconds=2.941207
2026-08-17T00:30:44.740676Z LAW_START seed=105 law=L6
2026-08-17T00:30:44.741126Z LAW_END seed=105 law=L6 status=completed verdict=PASS elapsed_seconds=0.000299
2026-08-17T00:30:45.731891Z SEED_END seed=105 statuses=L1:completed,L3:completed,L5:completed,L6:completed
2026-08-17T00:30:47.540526Z END completed_seeds=5 failed_law_calls=0 law_elapsed_seconds_total=623.049174
VALIDATION direct_runner_calls=0 json_parse=PASS required_fields=PASS failed_law_calls=0
SUMMARY seed=101 L1=PASS L3=PASS L5=PASS L6=PASS
SUMMARY seed=102 L1=PASS L3=PASS L5=PASS L6=PASS
SUMMARY seed=103 L1=PASS L3=PASS L5=PASS L6=PASS
SUMMARY seed=104 L1=PASS L3=PASS L5=PASS L6=PASS
SUMMARY seed=105 L1=PASS L3=PASS L5=PASS L6=PASS
